// Jest Snapshot v1, https://goo.gl/fbAQLP

exports[`The flatten style serializer should for native not remove className 1`] = `
<Text
  accessible={true}
  allowFontScaling={true}
  ellipsizeMode="tail"
  style={
    Object {
      "color": "red",
      "padding": 1,
    }
  }
/>
`;
